// Jest Snapshot v1, https://goo.gl/fbAQLP

exports[`EditExpensePage should render edit page 1`] = `
<div>
  <h1>
    Edit Expense
  </h1>
  <ExpenseForm
    expense={
      Object {
        "amount": 195,
        "createdAt": 0,
        "description": "Gum",
        "id": "1",
        "note": "note",
      }
    }
    onSubmit={[Function]}
  />
  <div>
    <button
      onClick={[Function]}
    >
      Remove
    </button>
  </div>
</div>
`;
