// Jest Snapshot v1, https://goo.gl/fbAQLP

exports[`ExpenseDashboard should display expense list with filters 1`] = `
<div>
  <Connect(ExpenseListFilters) />
  <Connect(ExpenseList) />
</div>
`;
