// Jest Snapshot v1, https://goo.gl/fbAQLP

exports[`Header should render header correctly 1`] = `
<header>
  <h1>
    Expensify
  </h1>
  <NavLink
    activeClassName="is-active"
    ariaCurrent="true"
    exact={true}
    to="/"
  >
    Dashboard
  </NavLink>
  <NavLink
    activeClassName="is-active"
    ariaCurrent="true"
    exact={true}
    to="/add"
  >
    Add Expense Page
  </NavLink>
  <NavLink
    activeClassName="is-active"
    ariaCurrent="true"
    exact={true}
    to="/help"
  >
    Help Page
  </NavLink>
</header>
`;
